2025-07-11 14:11:51,825 - httpx - INFO - HTTP Request: POST https://epydvdcmmupwhpoqmvvj.supabase.co/rest/v1/stock_table "HTTP/2 201 Created"
2025-07-11 14:11:51,903 - httpx - INFO - HTTP Request: GET https://epydvdcmmupwhpoqmvvj.supabase.co/rest/v1/stock_table?select=%2A&order=urun_adi.asc "HTTP/2 200 OK"
2025-07-11 14:12:21,084 - httpx - INFO - HTTP Request: DELETE https://epydvdcmmupwhpoqmvvj.supabase.co/rest/v1/stock_table?id=eq.9 "HTTP/2 200 OK"
2025-07-11 14:12:21,171 - httpx - INFO - HTTP Request: GET https://epydvdcmmupwhpoqmvvj.supabase.co/rest/v1/stock_table?select=%2A&order=urun_adi.asc "HTTP/2 200 OK"
2025-07-11 14:12:21,254 - httpx - INFO - HTTP Request: GET https://epydvdcmmupwhpoqmvvj.supabase.co/rest/v1/stock_table?select=%2A&order=urun_adi.asc "HTTP/2 200 OK"
2025-07-11 14:13:08,050 - httpx - INFO - HTTP Request: POST https://epydvdcmmupwhpoqmvvj.supabase.co/rest/v1/stock_table "HTTP/2 201 Created"
2025-07-11 14:13:08,139 - httpx - INFO - HTTP Request: GET https://epydvdcmmupwhpoqmvvj.supabase.co/rest/v1/stock_table?select=%2A&order=urun_adi.asc "HTTP/2 200 OK"
2025-07-11 14:13:29,154 - httpx - INFO - HTTP Request: GET https://epydvdcmmupwhpoqmvvj.supabase.co/rest/v1/stock_table?select=%2A&urun_kodu=eq.deneme1 "HTTP/2 200 OK"
2025-07-11 14:13:37,888 - httpx - INFO - HTTP Request: GET https://epydvdcmmupwhpoqmvvj.supabase.co/rest/v1/stock_table?select=%2A&urun_kodu=eq.deneme1 "HTTP/2 200 OK"
2025-07-11 14:13:37,888 - database_manager - ERROR - Günlük sipariþ ekleme iþlemi sýrasýnda hata oluþtu: unsupported operand type(s) for -: 'NoneType' and 'int'
Traceback (most recent call last):
  File "c:\Users\ufuki\OneDrive\Desktop\ERP_Project\database_manager.py", line 373, in add_daily_order
    new_real_stock = real_stock_quantity - quantity
                     ~~~~~~~~~~~~~~~~~~~~^~~~~~~~~~
TypeError: unsupported operand type(s) for -: 'NoneType' and 'int'
2025-07-11 14:13:55,289 - root - ERROR - Sipariþ ekleme hatasý
Traceback (most recent call last):
  File "c:\Users\ufuki\OneDrive\Desktop\ERP_Project\database_manager.py", line 373, in add_daily_order
    new_real_stock = real_stock_quantity - quantity
                     ~~~~~~~~~~~~~~~~~~~~^~~~~~~~~~
TypeError: unsupported operand type(s) for -: 'NoneType' and 'int'

During handling of the above exception, another exception occurred:

Traceback (most recent call last):
  File "c:\Users\ufuki\OneDrive\Desktop\ERP_Project\daily_orders_page.py", line 604, in add_order
    result = self.db.add_daily_order(
        product_code=order_data['product_code'],
    ...<4 lines>...
        is_real_order=order_data['is_real_order']
    )
  File "c:\Users\ufuki\OneDrive\Desktop\ERP_Project\database_manager.py", line 403, in add_daily_order
    self._handle_error("Günlük sipariþ ekleme", e)
    ~~~~~~~~~~~~~~~~~~^^^^^^^^^^^^^^^^^^^^^^^^^^^^
  File "c:\Users\ufuki\OneDrive\Desktop\ERP_Project\database_manager.py", line 21, in _handle_error
    raise Exception(error_msg)  # Hata yukarýya fýrlatýlýyor
    ^^^^^^^^^^^^^^^^^^^^^^^^^^
Exception: Günlük sipariþ ekleme iþlemi sýrasýnda hata oluþtu: unsupported operand type(s) for -: 'NoneType' and 'int'
2025-07-11 14:13:58,099 - httpx - INFO - HTTP Request: GET https://epydvdcmmupwhpoqmvvj.supabase.co/rest/v1/daily_orders?select=%2A&order_date=eq.2025-07-11 "HTTP/2 200 OK"
2025-07-11 14:25:27,927 - httpx - INFO - HTTP Request: POST https://epydvdcmmupwhpoqmvvj.supabase.co/rest/v1/stock_table "HTTP/2 201 Created"
2025-07-11 14:25:28,004 - httpx - INFO - HTTP Request: GET https://epydvdcmmupwhpoqmvvj.supabase.co/rest/v1/stock_table?select=%2A&order=urun_adi.asc "HTTP/2 200 OK"
2025-07-11 14:29:10,643 - httpx - INFO - HTTP Request: PATCH https://epydvdcmmupwhpoqmvvj.supabase.co/rest/v1/stock_table?id=eq.11 "HTTP/2 200 OK"
2025-07-11 14:29:10,723 - httpx - INFO - HTTP Request: GET https://epydvdcmmupwhpoqmvvj.supabase.co/rest/v1/stock_table?select=%2A&order=urun_adi.asc "HTTP/2 200 OK"
2025-07-11 14:29:26,731 - httpx - INFO - HTTP Request: GET https://epydvdcmmupwhpoqmvvj.supabase.co/rest/v1/stock_table?select=%2A&urun_kodu=eq.deneme1 "HTTP/2 200 OK"
2025-07-11 14:29:28,313 - httpx - INFO - HTTP Request: GET https://epydvdcmmupwhpoqmvvj.supabase.co/rest/v1/stock_table?select=%2A&urun_kodu=eq.deneme1 "HTTP/2 200 OK"
2025-07-11 14:29:28,315 - database_manager - ERROR - Günlük sipariþ ekleme iþlemi sýrasýnda hata oluþtu: DatabaseManager.update_stock_quantity() takes 3 positional arguments but 4 were given
Traceback (most recent call last):
  File "c:\Users\ufuki\OneDrive\Desktop\ERP_Project\database_manager.py", line 370, in add_daily_order
    self.update_stock_quantity(product_code, new_stock, new_real_stock)
    ~~~~~~~~~~~~~~~~~~~~~~~~~~^^^^^^^^^^^^^^^^^^^^^^^^^^^^^^^^^^^^^^^^^
TypeError: DatabaseManager.update_stock_quantity() takes 3 positional arguments but 4 were given
2025-07-11 14:30:37,197 - root - ERROR - Sipariþ ekleme hatasý
Traceback (most recent call last):
  File "c:\Users\ufuki\OneDrive\Desktop\ERP_Project\database_manager.py", line 370, in add_daily_order
    self.update_stock_quantity(product_code, new_stock, new_real_stock)
    ~~~~~~~~~~~~~~~~~~~~~~~~~~^^^^^^^^^^^^^^^^^^^^^^^^^^^^^^^^^^^^^^^^^
TypeError: DatabaseManager.update_stock_quantity() takes 3 positional arguments but 4 were given

During handling of the above exception, another exception occurred:

Traceback (most recent call last):
  File "c:\Users\ufuki\OneDrive\Desktop\ERP_Project\daily_orders_page.py", line 604, in add_order
    result = self.db.add_daily_order(
        product_code=order_data['product_code'],
    ...<4 lines>...
        is_real_order=order_data['is_real_order']
    )
  File "c:\Users\ufuki\OneDrive\Desktop\ERP_Project\database_manager.py", line 393, in add_daily_order
    self._handle_error("Günlük sipariþ ekleme", e)
    ~~~~~~~~~~~~~~~~~~^^^^^^^^^^^^^^^^^^^^^^^^^^^^
  File "c:\Users\ufuki\OneDrive\Desktop\ERP_Project\database_manager.py", line 21, in _handle_error
    raise Exception(error_msg)  # Hata yukarýya fýrlatýlýyor
    ^^^^^^^^^^^^^^^^^^^^^^^^^^
Exception: Günlük sipariþ ekleme iþlemi sýrasýnda hata oluþtu: DatabaseManager.update_stock_quantity() takes 3 positional arguments but 4 were given
2025-07-11 14:36:34,654 - httpx - INFO - HTTP Request: DELETE https://epydvdcmmupwhpoqmvvj.supabase.co/rest/v1/daily_orders?id=eq.14 "HTTP/2 200 OK"
2025-07-11 14:36:34,730 - httpx - INFO - HTTP Request: GET https://epydvdcmmupwhpoqmvvj.supabase.co/rest/v1/daily_orders?select=%2A&order_date=eq.2025-07-11 "HTTP/2 200 OK"
2025-07-11 14:36:52,516 - httpx - INFO - HTTP Request: GET https://epydvdcmmupwhpoqmvvj.supabase.co/rest/v1/stock_table?select=%2A&urun_kodu=eq.deneme1 "HTTP/2 200 OK"
2025-07-11 14:36:58,176 - httpx - INFO - HTTP Request: GET https://epydvdcmmupwhpoqmvvj.supabase.co/rest/v1/stock_table?select=%2A&urun_kodu=eq.deneme1 "HTTP/2 200 OK"
2025-07-11 14:36:58,259 - httpx - INFO - HTTP Request: PATCH https://epydvdcmmupwhpoqmvvj.supabase.co/rest/v1/stock_table?urun_kodu=eq.deneme1 "HTTP/2 200 OK"
2025-07-11 14:36:58,348 - httpx - INFO - HTTP Request: POST https://epydvdcmmupwhpoqmvvj.supabase.co/rest/v1/daily_orders "HTTP/2 201 Created"
2025-07-11 14:36:58,424 - httpx - INFO - HTTP Request: GET https://epydvdcmmupwhpoqmvvj.supabase.co/rest/v1/daily_orders?select=%2A&order_date=eq.2025-07-11 "HTTP/2 200 OK"
2025-07-11 23:02:28,980 - httpx - INFO - HTTP Request: POST https://epydvdcmmupwhpoqmvvj.supabase.co/rest/v1/stock_table "HTTP/2 201 Created"
2025-07-11 23:02:29,059 - httpx - INFO - HTTP Request: GET https://epydvdcmmupwhpoqmvvj.supabase.co/rest/v1/stock_table?select=%2A&order=urun_adi.asc "HTTP/2 200 OK"
2025-07-11 23:02:50,318 - httpx - INFO - HTTP Request: GET https://epydvdcmmupwhpoqmvvj.supabase.co/rest/v1/stock_table?select=%2A&urun_kodu=eq.deneme3 "HTTP/2 200 OK"
2025-07-11 23:02:51,655 - httpx - INFO - HTTP Request: GET https://epydvdcmmupwhpoqmvvj.supabase.co/rest/v1/stock_table?select=%2A&urun_kodu=eq.deneme3 "HTTP/2 200 OK"
2025-07-11 23:02:51,733 - httpx - INFO - HTTP Request: PATCH https://epydvdcmmupwhpoqmvvj.supabase.co/rest/v1/stock_table?urun_kodu=eq.deneme3 "HTTP/2 200 OK"
2025-07-11 23:02:51,810 - httpx - INFO - HTTP Request: POST https://epydvdcmmupwhpoqmvvj.supabase.co/rest/v1/daily_orders "HTTP/2 201 Created"
2025-07-11 23:02:51,888 - httpx - INFO - HTTP Request: GET https://epydvdcmmupwhpoqmvvj.supabase.co/rest/v1/daily_orders?select=%2A&order_date=eq.2025-07-11 "HTTP/2 200 OK"
2025-07-11 23:02:56,792 - httpx - INFO - HTTP Request: GET https://epydvdcmmupwhpoqmvvj.supabase.co/rest/v1/stock_table?select=%2A&order=urun_adi.asc "HTTP/2 200 OK"
2025-07-11 23:02:59,836 - httpx - INFO - HTTP Request: GET https://epydvdcmmupwhpoqmvvj.supabase.co/rest/v1/stock_table?select=%2A&order=urun_adi.asc "HTTP/2 200 OK"
2025-07-11 23:03:00,680 - httpx - INFO - HTTP Request: GET https://epydvdcmmupwhpoqmvvj.supabase.co/rest/v1/stock_table?select=%2A&order=urun_adi.asc "HTTP/2 200 OK"
